
> niv-tracker@0.0.1 build
> astro build

[2m14:06:46[22m [34m[@astrojs/netlify][39m Enabling sessions with Netlify Blobs
[2m14:06:47[22m [34m[vite][39m Re-optimizing dependencies because vite config has changed
[2m14:06:47[22m [34m[content][39m Syncing content
[2m14:06:47[22m [34m[content][39m Synced content
[2m14:06:47[22m [34m[types][39m Generated [2m280ms[22m
[2m14:06:47[22m [34m[build][39m output: [34m"server"[39m
[2m14:06:47[22m [34m[build][39m mode: [34m"server"[39m
[2m14:06:47[22m [34m[build][39m directory: [34mD:\Development\AntiGravity\NiV-Tracker\dist\[39m
[2m14:06:47[22m [34m[build][39m adapter: [32m@astrojs/netlify[39m
[2m14:06:47[22m [34m[build][39m Collecting build info...
[2m14:06:47[22m [34m[build][39m [32mΓ£ô Completed in 327ms.[39m
[2m14:06:47[22m [34m[build][39m Building server entrypoints...
[2m14:06:49[22m [34m[vite][39m [32mΓ£ô built in 1.70s[39m
[2m14:06:49[22m [34m[build][39m [32mΓ£ô Completed in 1.76s.[39m

[42m[30m building client (vite) [39m[49m
[2m14:06:49[22m [34m[vite][39m transforming...
[2m14:06:50[22m [34m[vite][39m [32mΓ£ô[39m 124 modules transformed.
[2m14:06:50[22m [34m[vite][39m rendering chunks...
[2m14:06:50[22m [34m[vite][39m computing gzip size...
[2m14:06:50[22m [34m[vite][39m [2mdist/[22m[32mregisterSW.js                      [39m[1m[2m  0.13 kB[22m[1m[22m
[2m14:06:50[22m [34m[vite][39m [2mdist/[22m[32mmanifest.webmanifest               [39m[1m[2m  0.38 kB[22m[1m[22m
[2m14:06:50[22m [34m[vite][39m [2mdist/[22m[35m_astro/MapView.CIGW-MKW.css        [39m[1m[2m 15.61 kB[22m[1m[22m[2m Γöé gzip:  6.46 kB[22m
[2m14:06:50[22m [34m[vite][39m [2mdist/[22m[36m_astro/NewsHeader.DuWo3NAk.js      [39m[1m[2m  0.39 kB[22m[1m[22m[2m Γöé gzip:  0.27 kB[22m
[2m14:06:50[22m [34m[vite][39m [2mdist/[22m[36m_astro/jsx-runtime.D_zvdyIk.js     [39m[1m[2m  0.73 kB[22m[1m[22m[2m Γöé gzip:  0.46 kB[22m
[2m14:06:50[22m [34m[vite][39m [2mdist/[22m[36m_astro/SymptomChecker.zuARNA9S.js  [39m[1m[2m  1.98 kB[22m[1m[22m[2m Γöé gzip:  0.87 kB[22m
[2m14:06:50[22m [34m[vite][39m [2mdist/[22m[36m_astro/StatusBanner.CaQLDmjK.js    [39m[1m[2m  2.06 kB[22m[1m[22m[2m Γöé gzip:  0.93 kB[22m
[2m14:06:50[22m [34m[vite][39m [2mdist/[22m[36m_astro/Footer.Dpgi6I1C.js          [39m[1m[2m  2.34 kB[22m[1m[22m[2m Γöé gzip:  0.95 kB[22m
[2m14:06:50[22m [34m[vite][39m [2mdist/[22m[36m_astro/NewsGrid.CE3Nyy8D.js        [39m[1m[2m  2.94 kB[22m[1m[22m[2m Γöé gzip:  1.26 kB[22m
[2m14:06:50[22m [34m[vite][39m [2mdist/[22m[36m_astro/LiveFeed.BOw1oUor.js        [39m[1m[2m  3.32 kB[22m[1m[22m[2m Γöé gzip:  1.30 kB[22m
[2m14:06:50[22m [34m[vite][39m [2mdist/[22m[36m_astro/index.DrlE4MoQ.js           [39m[1m[2m  3.89 kB[22m[1m[22m[2m Γöé gzip:  1.52 kB[22m
[2m14:06:50[22m [34m[vite][39m [2mdist/[22m[36m_astro/StatsGrid.CYKlyjxG.js       [39m[1m[2m  3.91 kB[22m[1m[22m[2m Γöé gzip:  1.11 kB[22m
[2m14:06:50[22m [34m[vite][39m [2mdist/[22m[36m_astro/index.DeO6U63H.js           [39m[1m[2m  7.98 kB[22m[1m[22m[2m Γöé gzip:  3.10 kB[22m
[2m14:06:50[22m [34m[vite][39m [2mdist/[22m[36m_astro/translations.DzLNXqw-.js    [39m[1m[2m 16.91 kB[22m[1m[22m[2m Γöé gzip:  5.79 kB[22m
[2m14:06:50[22m [34m[vite][39m [2mdist/[22m[36m_astro/Navbar.Cg4UeeDJ.js          [39m[1m[2m 86.52 kB[22m[1m[22m[2m Γöé gzip: 17.65 kB[22m
[2m14:06:50[22m [34m[vite][39m [2mdist/[22m[36m_astro/MapView.BrUHdfnS.js         [39m[1m[2m156.83 kB[22m[1m[22m[2m Γöé gzip: 46.11 kB[22m
[2m14:06:50[22m [34m[vite][39m [2mdist/[22m[36m_astro/client.PWbBjEwf.js          [39m[1m[2m182.74 kB[22m[1m[22m[2m Γöé gzip: 57.60 kB[22m
[2m14:06:50[22m [34m[vite][39m [32mΓ£ô built in 1.85s[39m

PWA v1.2.0
mode      generateSW
precache  20 entries (478.20 KiB)
files generated
  dist/sw.js
  dist/workbox-01ded3f8.js

[42m[30m prerendering static routes [39m[49m
[2m14:06:53[22m [32mΓ£ô Completed in 99ms.
[39m
[2m14:06:53[22m [34m[build][39m Rearranging server assets...
[2m14:06:53[22m [34m[@astrojs/netlify][39m Emitted _redirects
[2m14:06:53[22m [34m[@astrojs/netlify][39m Bundling function ..\..\..\build\entry.mjs
[2m14:06:56[22m [34m[build][39m Waiting for integration [1m"@astrojs/netlify"[22m, hook [1m"astro:build:done"[22m...
[2m14:06:58[22m [34m[@astrojs/netlify][39m Generated SSR Function
[2m14:06:58[22m [34m[@astrojs/sitemap][39m `sitemap-index.xml` created at `dist`
[2m14:06:58[22m [34m[build][39m Server built in [1m11.13s[22m
[2m14:06:58[22m [34m[build][39m [1mComplete![22m
